// Jest Snapshot v1, https://goo.gl/fbAQLP

exports[`Applications Render applications with emptyState 1`] = `
<section
  class="pf-l-page-header pf-c-page-header pf-l-page__main-section pf-c-page__main-section pf-m-light"
  widget-type="InsightsPageHeader"
>
  <h1
    class="pf-c-title pf-m-2xl"
    data-ouia-component-id="OUIA-Generated-Title-4"
    data-ouia-component-type="PF4/Title"
    data-ouia-safe="true"
    widget-type="InsightsPageHeaderTitle"
  >
     Testapp 
  </h1>
</section>
`;

exports[`Applications Render applications with mockState 1`] = `
<Provider
  store={
    Object {
      "clearActions": [Function],
      "dispatch": [Function],
      "getActions": [Function],
      "getState": [Function],
      "replaceReducer": [Function],
      "subscribe": [Function],
    }
  }
>
  <Connect(Applications)
    match={
      Object {
        "params": Object {
          "id": "testapp",
        },
      }
    }
  >
    <Applications
      appsConfig={
        Object {
          "testapp": Object {
            "frontend": Object {
              "title": "Test app",
            },
          },
        }
      }
      configLoaded={true}
      getConfig={[Function]}
      getSchema={[Function]}
      loaded={true}
      match={
        Object {
          "params": Object {
            "id": "testapp",
          },
        }
      }
      saveValues={[Function]}
      schema={
        Array [
          Object {
            "fields": Array [
              Object {
                "component": "text-field",
                "initialValue": "",
                "isRequired": true,
                "label": "Email",
                "name": "email",
                "validate": Array [
                  Object {
                    "type": "required",
                  },
                ],
              },
              Object {
                "component": "switch",
                "initialValue": false,
                "label": "Hide Satellite systems",
                "name": "hideSatelliteSystems",
                "type": "checkbox",
              },
            ],
          },
        ]
      }
    >
      <PageHeader>
        <section
          className="pf-l-page-header pf-c-page-header pf-l-page__main-section pf-c-page__main-section pf-m-light"
          widget-type="InsightsPageHeader"
        >
          <PageHeaderTitle
            title="Applications settings"
          >
            <Title
              className=""
              headingLevel="h1"
              size="2xl"
              widget-type="InsightsPageHeaderTitle"
            >
              <h1
                className="pf-c-title pf-m-2xl"
                data-ouia-component-id="OUIA-Generated-Title-5"
                data-ouia-component-type="PF4/Title"
                data-ouia-safe={true}
                widget-type="InsightsPageHeaderTitle"
              >
                 
                Applications settings
                 
              </h1>
            </Title>
          </PageHeaderTitle>
          <p
            className="pf-u-mt-sm"
          >
            Settings for Test App
          </p>
        </section>
      </PageHeader>
      <Connect(Main)>
        <Main>
          <section
            className="pf-l-page__main-section pf-c-page__main-section"
            page-type=""
          >
            <RenderForms
              loaded={true}
              saveValues={[Function]}
              schemas={
                Array [
                  Object {
                    "fields": Array [
                      Object {
                        "component": "text-field",
                        "initialValue": "",
                        "isRequired": true,
                        "label": "Email",
                        "name": "email",
                        "validate": Array [
                          Object {
                            "type": "required",
                          },
                        ],
                      },
                      Object {
                        "component": "switch",
                        "initialValue": false,
                        "label": "Hide Satellite systems",
                        "name": "hideSatelliteSystems",
                        "type": "checkbox",
                      },
                    ],
                  },
                ]
              }
            >
              <Stack
                hasGutter={true}
              >
                <div
                  className="pf-l-stack pf-m-gutter"
                >
                  <StackItem
                    key="settings-form-0"
                  >
                    <div
                      className="pf-l-stack__item"
                    >
                      <Card>
                        <article
                          className="pf-c-card"
                          data-ouia-component-id="OUIA-Generated-Card-2"
                          data-ouia-component-type="PF4/Card"
                          data-ouia-safe={true}
                          id=""
                        >
                          <CardBody>
                            <div
                              className="pf-c-card__body"
                            >
                              <FormRenderer
                                FormTemplate={[Function]}
                                clearOnUnmount={false}
                                componentMapper={
                                  Object {
                                    "checkbox": [Function],
                                    "date-picker": [Function],
                                    "dual-list-select": Object {
                                      "availableOptionsActions": Array [
                                        <DualListSortButton
                                          position="left"
                                        />,
                                      ],
                                      "chosenOptionsActions": Array [
                                        <DualListSortButton
                                          position="right"
                                        />,
                                      ],
                                      "component": [Function],
                                      "isFilterable": true,
                                      "isSearchable": true,
                                      "isSortable": true,
                                      "resolveProps": [Function],
                                    },
                                    "error-state": [Function],
                                    "field-array": [Function],
                                    "plain-text": [Function],
                                    "plain-text-with-links": [Function],
                                    "radio": [Function],
                                    "select": [Function],
                                    "select-field": [Function],
                                    "slider": [Function],
                                    "sub-form": [Function],
                                    "switch": [Function],
                                    "switch-field": [Function],
                                    "tabs": [Function],
                                    "text-field": [Function],
                                    "textarea": [Function],
                                    "textarea-field": [Function],
                                    "time-picker": [Function],
                                    "wizard": [Function],
                                  }
                                }
                                initialValues={Object {}}
                                onSubmit={[Function]}
                                schema={
                                  Object {
                                    "fields": Array [
                                      Object {
                                        "component": "text-field",
                                        "initialValue": "",
                                        "isRequired": true,
                                        "label": "Email",
                                        "name": "email",
                                        "validate": Array [
                                          Object {
                                            "type": "required",
                                          },
                                        ],
                                      },
                                      Object {
                                        "component": "switch",
                                        "initialValue": false,
                                        "label": "Hide Satellite systems",
                                        "name": "hideSatelliteSystems",
                                        "type": "checkbox",
                                      },
                                    ],
                                  }
                                }
                                submitLabel="Save"
                                validatorMapper={
                                  Object {
                                    "exact-length-validator": [Function],
                                    "max-length-validator": [Function],
                                    "min-items-validator": [Function],
                                    "min-length-validator": [Function],
                                    "pattern-validator": [Function],
                                    "required-validator": [Function],
                                    "url-validator": [Function],
                                  }
                                }
                              >
                                <ReactFinalForm
                                  decorators={
                                    Array [
                                      [Function],
                                    ]
                                  }
                                  initialValues={Object {}}
                                  mutators={
                                    Object {
                                      "concat": [Function],
                                      "insert": [Function],
                                      "move": [Function],
                                      "pop": [Function],
                                      "push": [Function],
                                      "remove": [Function],
                                      "removeBatch": [Function],
                                      "shift": [Function],
                                      "swap": [Function],
                                      "unshift": [Function],
                                      "update": [Function],
                                    }
                                  }
                                  onSubmit={[Function]}
                                  render={[Function]}
                                  submitLabel="Save"
                                  subscription={
                                    Object {
                                      "pristine": true,
                                      "submitting": true,
                                      "valid": true,
                                    }
                                  }
                                >
                                  <FormTemplateWrapper
                                    formFields={
                                      Array [
                                        <SingleField
                                          component="text-field"
                                          initialValue=""
                                          isRequired={true}
                                          label="Email"
                                          name="email"
                                          validate={
                                            Array [
                                              Object {
                                                "type": "required",
                                              },
                                            ]
                                          }
                                        />,
                                        <SingleField
                                          component="switch"
                                          initialValue={false}
                                          label="Hide Satellite systems"
                                          name="hideSatelliteSystems"
                                          type="checkbox"
                                        />,
                                      ]
                                    }
                                    schema={
                                      Object {
                                        "fields": Array [
                                          Object {
                                            "component": "text-field",
                                            "initialValue": "",
                                            "isRequired": true,
                                            "label": "Email",
                                            "name": "email",
                                            "validate": Array [
                                              Object {
                                                "type": "required",
                                              },
                                            ],
                                          },
                                          Object {
                                            "component": "switch",
                                            "initialValue": false,
                                            "label": "Hide Satellite systems",
                                            "name": "hideSatelliteSystems",
                                            "type": "checkbox",
                                          },
                                        ],
                                      }
                                    }
                                  >
                                    <PF4FormTemplate
                                      canReset={true}
                                      formFields={
                                        Array [
                                          <SingleField
                                            component="text-field"
                                            initialValue=""
                                            isRequired={true}
                                            label="Email"
                                            name="email"
                                            validate={
                                              Array [
                                                Object {
                                                  "type": "required",
                                                },
                                              ]
                                            }
                                          />,
                                          <SingleField
                                            component="switch"
                                            initialValue={false}
                                            label="Hide Satellite systems"
                                            name="hideSatelliteSystems"
                                            type="checkbox"
                                          />,
                                        ]
                                      }
                                      schema={
                                        Object {
                                          "fields": Array [
                                            Object {
                                              "component": "text-field",
                                              "initialValue": "",
                                              "isRequired": true,
                                              "label": "Email",
                                              "name": "email",
                                              "validate": Array [
                                                Object {
                                                  "type": "required",
                                                },
                                              ],
                                            },
                                            Object {
                                              "component": "switch",
                                              "initialValue": false,
                                              "label": "Hide Satellite systems",
                                              "name": "hideSatelliteSystems",
                                              "type": "checkbox",
                                            },
                                          ],
                                        }
                                      }
                                      submitLabel="Save"
                                    >
                                      <FormTemplate
                                        BeforeError={[Function]}
                                        Button={[Function]}
                                        ButtonGroup={[Function]}
                                        Description={[Function]}
                                        FormWrapper={[Function]}
                                        Header={Symbol(react.fragment)}
                                        Title={[Function]}
                                        canReset={true}
                                        disableSubmit={Array []}
                                        formFields={
                                          Array [
                                            <SingleField
                                              component="text-field"
                                              initialValue=""
                                              isRequired={true}
                                              label="Email"
                                              name="email"
                                              validate={
                                                Array [
                                                  Object {
                                                    "type": "required",
                                                  },
                                                ]
                                              }
                                            />,
                                            <SingleField
                                              component="switch"
                                              initialValue={false}
                                              label="Hide Satellite systems"
                                              name="hideSatelliteSystems"
                                              type="checkbox"
                                            />,
                                          ]
                                        }
                                        schema={
                                          Object {
                                            "fields": Array [
                                              Object {
                                                "component": "text-field",
                                                "initialValue": "",
                                                "isRequired": true,
                                                "label": "Email",
                                                "name": "email",
                                                "validate": Array [
                                                  Object {
                                                    "type": "required",
                                                  },
                                                ],
                                              },
                                              Object {
                                                "component": "switch",
                                                "initialValue": false,
                                                "label": "Hide Satellite systems",
                                                "name": "hideSatelliteSystems",
                                                "type": "checkbox",
                                              },
                                            ],
                                          }
                                        }
                                        showFormControls={true}
                                        submitLabel="Save"
                                      >
                                        <Form
                                          onSubmit={[Function]}
                                        >
                                          <form
                                            className="pf-c-form"
                                            noValidate={true}
                                            onSubmit={[Function]}
                                          >
                                            <FormSpy
                                              subscription={
                                                Object {
                                                  "error": true,
                                                  "submitError": true,
                                                }
                                              }
                                            >
                                              <FormError
                                                formSpyProps={
                                                  Object {
                                                    "active": undefined,
                                                    "dirty": false,
                                                    "dirtyFields": Object {},
                                                    "dirtyFieldsSinceLastSubmit": Object {
                                                      "email": true,
                                                      "hideSatelliteSystems": true,
                                                    },
                                                    "dirtySinceLastSubmit": false,
                                                    "error": undefined,
                                                    "errors": Object {
                                                      "email": "Required",
                                                    },
                                                    "hasSubmitErrors": false,
                                                    "hasValidationErrors": true,
                                                    "initialValues": Object {
                                                      "email": "",
                                                      "hideSatelliteSystems": false,
                                                    },
                                                    "invalid": true,
                                                    "modified": Object {
                                                      "email": false,
                                                      "hideSatelliteSystems": false,
                                                    },
                                                    "modifiedSinceLastSubmit": false,
                                                    "pristine": true,
                                                    "submitError": undefined,
                                                    "submitErrors": undefined,
                                                    "submitFailed": false,
                                                    "submitSucceeded": false,
                                                    "submitting": false,
                                                    "touched": Object {
                                                      "email": false,
                                                      "hideSatelliteSystems": false,
                                                    },
                                                    "valid": false,
                                                    "validating": false,
                                                    "values": Object {
                                                      "email": "",
                                                      "hideSatelliteSystems": false,
                                                    },
                                                    "visited": Object {
                                                      "email": false,
                                                      "hideSatelliteSystems": false,
                                                    },
                                                  }
                                                }
                                              />
                                            </FormSpy>
                                            <SingleField
                                              component="text-field"
                                              initialValue=""
                                              isRequired={true}
                                              key="email"
                                              label="Email"
                                              name="email"
                                              validate={
                                                Array [
                                                  Object {
                                                    "type": "required",
                                                  },
                                                ]
                                              }
                                            >
                                              <FormConditionWrapper
                                                field={
                                                  Object {
                                                    "component": "text-field",
                                                    "initialValue": "",
                                                    "isRequired": true,
                                                    "label": "Email",
                                                    "name": "email",
                                                    "validate": Array [
                                                      Object {
                                                        "type": "required",
                                                      },
                                                    ],
                                                  }
                                                }
                                              >
                                                <FormFieldHideWrapper
                                                  hideField={false}
                                                >
                                                  <TextField
                                                    component="text-field"
                                                    initialValue=""
                                                    isRequired={true}
                                                    label="Email"
                                                    name="email"
                                                    validate={
                                                      Array [
                                                        Object {
                                                          "type": "required",
                                                        },
                                                      ]
                                                    }
                                                  >
                                                    <FormGroup
                                                      id="email"
                                                      isRequired={true}
                                                      label="Email"
                                                      meta={
                                                        Object {
                                                          "active": false,
                                                          "data": Object {},
                                                          "dirty": false,
                                                          "dirtySinceLastSubmit": false,
                                                          "error": "Required",
                                                          "initial": "",
                                                          "invalid": true,
                                                          "length": undefined,
                                                          "modified": false,
                                                          "modifiedSinceLastSubmit": false,
                                                          "pristine": true,
                                                          "submitError": undefined,
                                                          "submitFailed": false,
                                                          "submitSucceeded": false,
                                                          "submitting": false,
                                                          "touched": false,
                                                          "valid": false,
                                                          "validating": false,
                                                          "visited": false,
                                                        }
                                                      }
                                                    >
                                                      <FormGroup
                                                        fieldId="email"
                                                        helperTextInvalid="Required"
                                                        isRequired={true}
                                                        label="Email"
                                                        validated="default"
                                                      >
                                                        <div
                                                          className="pf-c-form__group"
                                                        >
                                                          <div
                                                            className="pf-c-form__group-label"
                                                          >
                                                            <label
                                                              className="pf-c-form__label"
                                                              htmlFor="email"
                                                            >
                                                              <span
                                                                className="pf-c-form__label-text"
                                                              >
                                                                Email
                                                              </span>
                                                              <span
                                                                aria-hidden="true"
                                                                className="pf-c-form__label-required"
                                                              >
                                                                 
                                                                *
                                                              </span>
                                                            </label>
                                                             
                                                          </div>
                                                          <div
                                                            className="pf-c-form__group-control"
                                                          >
                                                            <TextInput
                                                              id="email"
                                                              isRequired={true}
                                                              name="email"
                                                              onBlur={[Function]}
                                                              onChange={[Function]}
                                                              onFocus={[Function]}
                                                              validated="default"
                                                              value=""
                                                            >
                                                              <TextInputBase
                                                                aria-label={null}
                                                                className=""
                                                                id="email"
                                                                innerRef={null}
                                                                isDisabled={false}
                                                                isLeftTruncated={false}
                                                                isReadOnly={false}
                                                                isRequired={true}
                                                                name="email"
                                                                onBlur={[Function]}
                                                                onChange={[Function]}
                                                                onFocus={[Function]}
                                                                ouiaSafe={true}
                                                                type="text"
                                                                validated="default"
                                                                value=""
                                                              >
                                                                <input
                                                                  aria-invalid={false}
                                                                  aria-label={null}
                                                                  className="pf-c-form-control"
                                                                  data-ouia-component-id="OUIA-Generated-TextInputBase-1"
                                                                  data-ouia-component-type="PF4/TextInput"
                                                                  data-ouia-safe={true}
                                                                  disabled={false}
                                                                  id="email"
                                                                  name="email"
                                                                  onBlur={[Function]}
                                                                  onChange={[Function]}
                                                                  onFocus={[Function]}
                                                                  readOnly={false}
                                                                  required={true}
                                                                  type="text"
                                                                  value=""
                                                                />
                                                              </TextInputBase>
                                                            </TextInput>
                                                          </div>
                                                        </div>
                                                      </FormGroup>
                                                    </FormGroup>
                                                  </TextField>
                                                </FormFieldHideWrapper>
                                              </FormConditionWrapper>
                                            </SingleField>
                                            <SingleField
                                              component="switch"
                                              initialValue={false}
                                              key="hideSatelliteSystems"
                                              label="Hide Satellite systems"
                                              name="hideSatelliteSystems"
                                              type="checkbox"
                                            >
                                              <FormConditionWrapper
                                                field={
                                                  Object {
                                                    "component": "switch",
                                                    "initialValue": false,
                                                    "label": "Hide Satellite systems",
                                                    "name": "hideSatelliteSystems",
                                                    "type": "checkbox",
                                                  }
                                                }
                                              >
                                                <FormFieldHideWrapper
                                                  hideField={false}
                                                >
                                                  <Switch
                                                    component="switch"
                                                    initialValue={false}
                                                    label="Hide Satellite systems"
                                                    name="hideSatelliteSystems"
                                                    type="checkbox"
                                                  >
                                                    <FormGroup
                                                      hideLabel={true}
                                                      id="hideSatelliteSystems"
                                                      meta={
                                                        Object {
                                                          "active": false,
                                                          "data": Object {},
                                                          "dirty": false,
                                                          "dirtySinceLastSubmit": false,
                                                          "error": undefined,
                                                          "initial": false,
                                                          "invalid": false,
                                                          "length": undefined,
                                                          "modified": false,
                                                          "modifiedSinceLastSubmit": false,
                                                          "pristine": true,
                                                          "submitError": undefined,
                                                          "submitFailed": false,
                                                          "submitSucceeded": false,
                                                          "submitting": false,
                                                          "touched": false,
                                                          "valid": true,
                                                          "validating": false,
                                                          "visited": false,
                                                        }
                                                      }
                                                    >
                                                      <FormGroup
                                                        fieldId="hideSatelliteSystems"
                                                        label={false}
                                                        validated="default"
                                                      >
                                                        <div
                                                          className="pf-c-form__group"
                                                        >
                                                          <div
                                                            className="pf-c-form__group-control"
                                                          >
                                                            <Switch
                                                              aria-label=""
                                                              checked={false}
                                                              id="hideSatelliteSystems"
                                                              isChecked={true}
                                                              isDisabled={false}
                                                              isReversed={false}
                                                              label="Hide Satellite systems"
                                                              labelOff="Hide Satellite systems"
                                                              name="hideSatelliteSystems"
                                                              onBlur={[Function]}
                                                              onChange={[Function]}
                                                              onFocus={[Function]}
                                                              type="checkbox"
                                                            >
                                                              <label
                                                                className="pf-c-switch"
                                                                data-ouia-component-id="OUIA-Generated-Switch-1"
                                                                data-ouia-component-type="PF4/Switch"
                                                                data-ouia-safe={true}
                                                                htmlFor="hideSatelliteSystems"
                                                              >
                                                                <input
                                                                  aria-label=""
                                                                  aria-labelledby="hideSatelliteSystems-on"
                                                                  checked={false}
                                                                  className="pf-c-switch__input"
                                                                  disabled={false}
                                                                  id="hideSatelliteSystems"
                                                                  name="hideSatelliteSystems"
                                                                  onBlur={[Function]}
                                                                  onChange={[Function]}
                                                                  onFocus={[Function]}
                                                                  type="checkbox"
                                                                />
                                                                <span
                                                                  className="pf-c-switch__toggle"
                                                                />
                                                                <span
                                                                  aria-hidden="true"
                                                                  className="pf-c-switch__label pf-m-on"
                                                                  id="hideSatelliteSystems-on"
                                                                >
                                                                  Hide Satellite systems
                                                                </span>
                                                                <span
                                                                  aria-hidden="true"
                                                                  className="pf-c-switch__label pf-m-off"
                                                                  id="hideSatelliteSystems-off"
                                                                >
                                                                  Hide Satellite systems
                                                                </span>
                                                              </label>
                                                            </Switch>
                                                          </div>
                                                        </div>
                                                      </FormGroup>
                                                    </FormGroup>
                                                  </Switch>
                                                </FormFieldHideWrapper>
                                              </FormConditionWrapper>
                                            </SingleField>
                                            <FormSpy>
                                              <FormControls
                                                Button={[Function]}
                                                ButtonGroup={[Function]}
                                                FormSpy={[Function]}
                                                buttonOrder={
                                                  Array [
                                                    "submit",
                                                    "reset",
                                                    "cancel",
                                                  ]
                                                }
                                                buttonsProps={Object {}}
                                                canReset={true}
                                                canSubmit={false}
                                                cancelLabel="Cancel"
                                                formFields={
                                                  Array [
                                                    <SingleField
                                                      component="text-field"
                                                      initialValue=""
                                                      isRequired={true}
                                                      label="Email"
                                                      name="email"
                                                      validate={
                                                        Array [
                                                          Object {
                                                            "type": "required",
                                                          },
                                                        ]
                                                      }
                                                    />,
                                                    <SingleField
                                                      component="switch"
                                                      initialValue={false}
                                                      label="Hide Satellite systems"
                                                      name="hideSatelliteSystems"
                                                      type="checkbox"
                                                    />,
                                                  ]
                                                }
                                                formSpyProps={
                                                  Object {
                                                    "active": undefined,
                                                    "dirty": false,
                                                    "dirtyFields": Object {},
                                                    "dirtyFieldsSinceLastSubmit": Object {
                                                      "email": true,
                                                      "hideSatelliteSystems": true,
                                                    },
                                                    "dirtySinceLastSubmit": false,
                                                    "error": undefined,
                                                    "errors": Object {
                                                      "email": "Required",
                                                    },
                                                    "form": Object {
                                                      "batch": [Function],
                                                      "blur": [Function],
                                                      "change": [Function],
                                                      "destroyOnUnregister": false,
                                                      "focus": [Function],
                                                      "getFieldState": [Function],
                                                      "getRegisteredFields": [Function],
                                                      "getState": [Function],
                                                      "initialize": [Function],
                                                      "isValidationPaused": [Function],
                                                      "mutators": Object {
                                                        "concat": [Function],
                                                        "insert": [Function],
                                                        "move": [Function],
                                                        "pop": [Function],
                                                        "push": [Function],
                                                        "remove": [Function],
                                                        "removeBatch": [Function],
                                                        "shift": [Function],
                                                        "swap": [Function],
                                                        "unshift": [Function],
                                                        "update": [Function],
                                                      },
                                                      "pauseValidation": [Function],
                                                      "registerField": [Function],
                                                      "reset": [Function],
                                                      "resetFieldState": [Function],
                                                      "restart": [Function],
                                                      "resumeValidation": [Function],
                                                      "setConfig": [Function],
                                                      "submit": [Function],
                                                      "subscribe": [Function],
                                                    },
                                                    "hasSubmitErrors": false,
                                                    "hasValidationErrors": true,
                                                    "initialValues": Object {
                                                      "email": "",
                                                      "hideSatelliteSystems": false,
                                                    },
                                                    "invalid": true,
                                                    "modified": Object {
                                                      "email": false,
                                                      "hideSatelliteSystems": false,
                                                    },
                                                    "modifiedSinceLastSubmit": false,
                                                    "pristine": true,
                                                    "submitError": undefined,
                                                    "submitErrors": undefined,
                                                    "submitFailed": false,
                                                    "submitSucceeded": false,
                                                    "submitting": false,
                                                    "touched": Object {
                                                      "email": false,
                                                      "hideSatelliteSystems": false,
                                                    },
                                                    "valid": false,
                                                    "validating": false,
                                                    "values": Object {
                                                      "email": "",
                                                      "hideSatelliteSystems": false,
                                                    },
                                                    "visited": Object {
                                                      "email": false,
                                                      "hideSatelliteSystems": false,
                                                    },
                                                  }
                                                }
                                                onReset={[Function]}
                                                resetLabel="Reset"
                                                schema={
                                                  Object {
                                                    "fields": Array [
                                                      Object {
                                                        "component": "text-field",
                                                        "initialValue": "",
                                                        "isRequired": true,
                                                        "label": "Email",
                                                        "name": "email",
                                                        "validate": Array [
                                                          Object {
                                                            "type": "required",
                                                          },
                                                        ],
                                                      },
                                                      Object {
                                                        "component": "switch",
                                                        "initialValue": false,
                                                        "label": "Hide Satellite systems",
                                                        "name": "hideSatelliteSystems",
                                                        "type": "checkbox",
                                                      },
                                                    ],
                                                  }
                                                }
                                                submitLabel="Save"
                                              >
                                                <ButtonGroup>
                                                  <ActionGroup>
                                                    <div
                                                      className="pf-c-form__group pf-m-action"
                                                    >
                                                      <div
                                                        className="pf-c-form__group-control"
                                                      >
                                                        <div
                                                          className="pf-c-form__actions"
                                                        >
                                                          <Button
                                                            buttonType="submit"
                                                            key="form-submit"
                                                            label="Save"
                                                            type="submit"
                                                            variant="primary"
                                                          >
                                                            <Button
                                                              type="submit"
                                                              variant="primary"
                                                            >
                                                              <ButtonBase
                                                                innerRef={null}
                                                                type="submit"
                                                                variant="primary"
                                                              >
                                                                <button
                                                                  aria-disabled={false}
                                                                  aria-label={null}
                                                                  className="pf-c-button pf-m-primary"
                                                                  data-ouia-component-id="OUIA-Generated-Button-primary-2"
                                                                  data-ouia-component-type="PF4/Button"
                                                                  data-ouia-safe={true}
                                                                  disabled={false}
                                                                  role={null}
                                                                  type="submit"
                                                                >
                                                                  Save
                                                                </button>
                                                              </ButtonBase>
                                                            </Button>
                                                          </Button>
                                                          <Button
                                                            buttonType="reset"
                                                            disabled={true}
                                                            key="form-reset"
                                                            label="Reset"
                                                            onClick={[Function]}
                                                            type="button"
                                                          >
                                                            <Button
                                                              isDisabled={true}
                                                              onClick={[Function]}
                                                              type="button"
                                                              variant="secondary"
                                                            >
                                                              <ButtonBase
                                                                innerRef={null}
                                                                isDisabled={true}
                                                                onClick={[Function]}
                                                                type="button"
                                                                variant="secondary"
                                                              >
                                                                <button
                                                                  aria-disabled={true}
                                                                  aria-label={null}
                                                                  className="pf-c-button pf-m-secondary pf-m-disabled"
                                                                  data-ouia-component-id="OUIA-Generated-Button-secondary-1"
                                                                  data-ouia-component-type="PF4/Button"
                                                                  data-ouia-safe={true}
                                                                  disabled={true}
                                                                  onClick={[Function]}
                                                                  role={null}
                                                                  tabIndex={null}
                                                                  type="button"
                                                                >
                                                                  Reset
                                                                </button>
                                                              </ButtonBase>
                                                            </Button>
                                                          </Button>
                                                        </div>
                                                      </div>
                                                    </div>
                                                  </ActionGroup>
                                                </ButtonGroup>
                                              </FormControls>
                                            </FormSpy>
                                          </form>
                                        </Form>
                                      </FormTemplate>
                                    </PF4FormTemplate>
                                  </FormTemplateWrapper>
                                </ReactFinalForm>
                              </FormRenderer>
                            </div>
                          </CardBody>
                        </article>
                      </Card>
                    </div>
                  </StackItem>
                </div>
              </Stack>
            </RenderForms>
          </section>
        </Main>
      </Connect(Main)>
    </Applications>
  </Connect(Applications)>
</Provider>
`;

exports[`Applications Render applications with no data 1`] = `
<Provider
  store={
    Object {
      "clearActions": [Function],
      "dispatch": [Function],
      "getActions": [Function],
      "getState": [Function],
      "replaceReducer": [Function],
      "subscribe": [Function],
    }
  }
>
  <Connect(Applications)
    match={
      Object {
        "params": Object {
          "id": "testapp",
        },
      }
    }
  >
    <Applications
      getConfig={[Function]}
      getSchema={[Function]}
      match={
        Object {
          "params": Object {
            "id": "testapp",
          },
        }
      }
      saveValues={[Function]}
    >
      <PageHeader>
        <section
          className="pf-l-page-header pf-c-page-header pf-l-page__main-section pf-c-page__main-section pf-m-light"
          widget-type="InsightsPageHeader"
        >
          <PageHeaderTitle
            title="Testapp"
          >
            <Title
              className=""
              headingLevel="h1"
              size="2xl"
              widget-type="InsightsPageHeaderTitle"
            >
              <h1
                className="pf-c-title pf-m-2xl"
                data-ouia-component-id="OUIA-Generated-Title-1"
                data-ouia-component-type="PF4/Title"
                data-ouia-safe={true}
                widget-type="InsightsPageHeaderTitle"
              >
                 
                Testapp
                 
              </h1>
            </Title>
          </PageHeaderTitle>
        </section>
      </PageHeader>
    </Applications>
  </Connect(Applications)>
</Provider>
`;
